// Jest Snapshot v1, https://goo.gl/fbAQLP

exports[`component app render 1`] = `<App />`;
